Bernoulli()
Bernoulli(0.25)
Bernoulli(0.75)
Bernoulli(0.00)
Bernoulli(1.00)

BetaBinomial(2, 0.2, 0.25)
BetaBinomial(10, 0.2, 0.25)
BetaBinomial(10, 2, 2.5)
BetaBinomial(10, 60, 40)

Binomial()
Binomial(3)
Binomial(5, 0.4)
Binomial(6, 0.8)
Binomial(100, 0.1)
Binomial(100, 0.9)
Binomial(10, 0.0)
Binomial(10, 1.0)

DiscreteUniform()
DiscreteUniform(6)
DiscreteUniform(7)
DiscreteUniform(0, 4)
DiscreteUniform(2, 8)

Geometric()
Geometric(0.02)
Geometric(0.1)
Geometric(0.5)
Geometric(0.9)

Hypergeometric(2, 2, 2)
Hypergeometric(3, 2, 2)
Hypergeometric(3, 2, 0)
Hypergeometric(3, 2, 5)
Hypergeometric(4, 5, 6)
Hypergeometric(60, 80, 100)

NegativeBinomial()
NegativeBinomial(6)
NegativeBinomial(1, 0.5)
NegativeBinomial(5, 0.6)
NegativeBinomial(0.5, 0.5)

Poisson()
Poisson(0.0)
Poisson(0.5)
Poisson(2.0)
Poisson(10.0)
Poisson(80.0)

Skellam()
Skellam(2.0)
Skellam(2.0, 3.0)
Skellam(3.2, 1.8)

FisherNoncentralHypergeometric(8, 6, 10, 1)
FisherNoncentralHypergeometric(8, 6, 10, 10)
FisherNoncentralHypergeometric(8, 6, 10, 0.1)
FisherNoncentralHypergeometric(80, 60, 100, 1)
FisherNoncentralHypergeometric(80, 60, 100, 10)
FisherNoncentralHypergeometric(80, 60, 100, 0.1)

WalleniusNoncentralHypergeometric(8, 6, 10, 1)
WalleniusNoncentralHypergeometric(8, 6, 10, 10)
WalleniusNoncentralHypergeometric(8, 6, 10, 0.1)
WalleniusNoncentralHypergeometric(40, 30, 50, 1)
WalleniusNoncentralHypergeometric(40, 30, 50, 0.5)
WalleniusNoncentralHypergeometric(40, 30, 50, 2)
